// Jest Snapshot v1, https://goo.gl/fbAQLP

exports[`<Select /> #0. Snapshot 1`] = `ShallowWrapper {}`;
